d:\work\git\jiaoshuihjh\demo\x64\release\demo.pch
d:\work\git\jiaoshuihjh\demo\x64\release\vc143.pdb
d:\work\git\jiaoshuihjh\demo\x64\release\pch.obj
d:\work\git\jiaoshuihjh\demo\x64\release\testrunner.obj
d:\work\git\jiaoshuihjh\demo\x64\release\picwnddemo.obj
d:\work\git\jiaoshuihjh\demo\x64\release\drawitem.obj
d:\work\git\jiaoshuihjh\demo\x64\release\doubleedit.obj
d:\work\git\jiaoshuihjh\demo\x64\release\demodlg.obj
d:\work\git\jiaoshuihjh\demo\x64\release\demo.obj
d:\work\git\jiaoshuihjh\demo\x64\release\autorecrunner.obj
d:\work\git\jiaoshuihjh\bin64\demo.exe
d:\work\git\jiaoshuihjh\bin64\demo.pdb
d:\work\git\jiaoshuihjh\demo\x64\release\demo.res
d:\work\git\jiaoshuihjh\demo\x64\release\demo.iobj
d:\work\git\jiaoshuihjh\demo\x64\release\demo.tlog\cl.command.1.tlog
d:\work\git\jiaoshuihjh\demo\x64\release\demo.tlog\cl.items.tlog
d:\work\git\jiaoshuihjh\demo\x64\release\demo.tlog\cl.read.1.tlog
d:\work\git\jiaoshuihjh\demo\x64\release\demo.tlog\cl.write.1.tlog
d:\work\git\jiaoshuihjh\demo\x64\release\demo.tlog\link.command.1.tlog
d:\work\git\jiaoshuihjh\demo\x64\release\demo.tlog\link.read.1.tlog
d:\work\git\jiaoshuihjh\demo\x64\release\demo.tlog\link.secondary.1.tlog
d:\work\git\jiaoshuihjh\demo\x64\release\demo.tlog\link.write.1.tlog
d:\work\git\jiaoshuihjh\demo\x64\release\demo.tlog\rc.command.1.tlog
d:\work\git\jiaoshuihjh\demo\x64\release\demo.tlog\rc.read.1.tlog
d:\work\git\jiaoshuihjh\demo\x64\release\demo.tlog\rc.write.1.tlog
