d:\work\git\jiaoshuihjh\jiaoshuiellipsefitdll\x64\release\ceph.pch
d:\work\git\jiaoshuihjh\jiaoshuiellipsefitdll\x64\release\vc143.pdb
d:\work\git\jiaoshuihjh\jiaoshuiellipsefitdll\x64\release\pch.obj
d:\work\git\jiaoshuihjh\jiaoshuiellipsefitdll\x64\release\jiaoshuiellipsefit.obj
d:\work\git\jiaoshuihjh\jiaoshuiellipsefitdll\x64\release\internalproc.obj
d:\work\git\jiaoshuihjh\jiaoshuiellipsefitdll\x64\release\crc32.obj
d:\work\git\jiaoshuihjh\jiaoshuiellipsefitdll\x64\release\harriscorner.obj
d:\work\git\jiaoshuihjh\jiaoshuiellipsefitdll\x64\release\fit_util.obj
d:\work\git\jiaoshuihjh\jiaoshuiellipsefitdll\x64\release\ellipses_util.obj
d:\work\git\jiaoshuihjh\jiaoshuiellipsefitdll\x64\release\dropletwetting.obj
d:\work\git\jiaoshuihjh\jiaoshuiellipsefitdll\x64\release\nopinanglefitting.obj
d:\work\git\jiaoshuihjh\jiaoshuiellipsefitdll\x64\release\draw_utils.obj
d:\work\git\jiaoshuihjh\jiaoshuiellipsefitdll\x64\release\dllmain.obj
d:\work\git\jiaoshuihjh\jiaoshuiellipsefitdll\x64\release\detect_utils_on_horizonal.obj
d:\work\git\jiaoshuihjh\jiaoshuiellipsefitdll\x64\release\detect_features.obj
d:\work\git\jiaoshuihjh\jiaoshuiellipsefitdll\x64\release\detbaseptonhorizon.obj
d:\work\git\jiaoshuihjh\jiaoshuiellipsefitdll\x64\release\cbasepoints.obj
d:\work\git\jiaoshuihjh\jiaoshuiellipsefitdll\x64\release\cbaselineshape.obj
d:\work\git\jiaoshuihjh\jiaoshuiellipsefitdll\x64\release\subpixeledge.obj
d:\work\git\jiaoshuihjh\jiaoshuiellipsefitdll\x64\release\edgeslope.obj
d:\work\git\jiaoshuihjh\jiaoshuiellipsefitdll\x64\release\dropletfittingbase.obj
d:\work\git\jiaoshuihjh\jiaoshuiellipsefitdll\x64\release\dropletcontext.obj
d:\work\git\jiaoshuihjh\jiaoshuiellipsefitdll\x64\release\cvcommon.obj
d:\work\git\jiaoshuihjh\jiaoshuiellipsefitdll\x64\release\internal_core.obj
d:\work\git\jiaoshuihjh\jiaoshuiellipsefitdll\x64\release\pinanglefitting.obj
d:\work\git\jiaoshuihjh\jiaoshuiellipsefitdll\x64\release\manualfitting.obj
d:\work\git\jiaoshuihjh\jiaoshuiellipsefitdll\x64\release\internal.obj
d:\work\git\jiaoshuihjh\bin64\ceph.dll
d:\work\git\jiaoshuihjh\bin64\ceph.pdb
d:\work\git\jiaoshuihjh\lib\ceph.lib
d:\work\git\jiaoshuihjh\lib\ceph.exp
d:\work\git\jiaoshuihjh\jiaoshuiellipsefitdll\x64\release\ceph.iobj
d:\work\git\jiaoshuihjh\jiaoshuiellipsefitdll\x64\release\ceph.tlog\cl.command.1.tlog
d:\work\git\jiaoshuihjh\jiaoshuiellipsefitdll\x64\release\ceph.tlog\cl.items.tlog
d:\work\git\jiaoshuihjh\jiaoshuiellipsefitdll\x64\release\ceph.tlog\cl.read.1.tlog
d:\work\git\jiaoshuihjh\jiaoshuiellipsefitdll\x64\release\ceph.tlog\cl.write.1.tlog
d:\work\git\jiaoshuihjh\jiaoshuiellipsefitdll\x64\release\ceph.tlog\link.command.1.tlog
d:\work\git\jiaoshuihjh\jiaoshuiellipsefitdll\x64\release\ceph.tlog\link.read.1.tlog
d:\work\git\jiaoshuihjh\jiaoshuiellipsefitdll\x64\release\ceph.tlog\link.secondary.1.tlog
d:\work\git\jiaoshuihjh\jiaoshuiellipsefitdll\x64\release\ceph.tlog\link.write.1.tlog
