  detect_utils_on_horizonal.cpp
D:\Work\Git\JiaoShuiHJH\JiaoShuiEllipseFitDLL\dnn\detect_utils_on_horizonal.cpp(731,50): warning C4244: 'argument': conversion from 'const _Tp' to '_Tp', possible loss of data
D:\Work\Git\JiaoShuiHJH\JiaoShuiEllipseFitDLL\dnn\detect_utils_on_horizonal.cpp(731,50): warning C4244:         with
D:\Work\Git\JiaoShuiHJH\JiaoShuiEllipseFitDLL\dnn\detect_utils_on_horizonal.cpp(731,50): warning C4244:         [
D:\Work\Git\JiaoShuiHJH\JiaoShuiEllipseFitDLL\dnn\detect_utils_on_horizonal.cpp(731,50): warning C4244:             _Tp=int
D:\Work\Git\JiaoShuiHJH\JiaoShuiEllipseFitDLL\dnn\detect_utils_on_horizonal.cpp(731,50): warning C4244:         ]
D:\Work\Git\JiaoShuiHJH\JiaoShuiEllipseFitDLL\dnn\detect_utils_on_horizonal.cpp(731,50): warning C4244:         and
D:\Work\Git\JiaoShuiHJH\JiaoShuiEllipseFitDLL\dnn\detect_utils_on_horizonal.cpp(731,50): warning C4244:         [
D:\Work\Git\JiaoShuiHJH\JiaoShuiEllipseFitDLL\dnn\detect_utils_on_horizonal.cpp(731,50): warning C4244:             _Tp=float
D:\Work\Git\JiaoShuiHJH\JiaoShuiEllipseFitDLL\dnn\detect_utils_on_horizonal.cpp(731,50): warning C4244:         ]
D:\Work\Git\JiaoShuiHJH\JiaoShuiEllipseFitDLL\dnn\detect_utils_on_horizonal.cpp(731,42): warning C4244: 'argument': conversion from 'const _Tp' to '_Tp', possible loss of data
D:\Work\Git\JiaoShuiHJH\JiaoShuiEllipseFitDLL\dnn\detect_utils_on_horizonal.cpp(731,42): warning C4244:         with
D:\Work\Git\JiaoShuiHJH\JiaoShuiEllipseFitDLL\dnn\detect_utils_on_horizonal.cpp(731,42): warning C4244:         [
D:\Work\Git\JiaoShuiHJH\JiaoShuiEllipseFitDLL\dnn\detect_utils_on_horizonal.cpp(731,42): warning C4244:             _Tp=int
D:\Work\Git\JiaoShuiHJH\JiaoShuiEllipseFitDLL\dnn\detect_utils_on_horizonal.cpp(731,42): warning C4244:         ]
D:\Work\Git\JiaoShuiHJH\JiaoShuiEllipseFitDLL\dnn\detect_utils_on_horizonal.cpp(731,42): warning C4244:         and
D:\Work\Git\JiaoShuiHJH\JiaoShuiEllipseFitDLL\dnn\detect_utils_on_horizonal.cpp(731,42): warning C4244:         [
D:\Work\Git\JiaoShuiHJH\JiaoShuiEllipseFitDLL\dnn\detect_utils_on_horizonal.cpp(731,42): warning C4244:             _Tp=float
D:\Work\Git\JiaoShuiHJH\JiaoShuiEllipseFitDLL\dnn\detect_utils_on_horizonal.cpp(731,42): warning C4244:         ]
D:\Work\Git\JiaoShuiHJH\JiaoShuiEllipseFitDLL\dnn\detect_utils_on_horizonal.cpp(1261,33): warning C4244: '=': conversion from 'double' to 'float', possible loss of data
D:\Work\Git\JiaoShuiHJH\JiaoShuiEllipseFitDLL\dnn\detect_utils_on_horizonal.cpp(1285,33): warning C4244: '=': conversion from 'double' to 'float', possible loss of data
  StableHarrisCorner.lib(harris_corner.obj) : MSIL .netmodule or module compiled with /GL found; restarting link with /LTCG; add /LTCG to the link command line to improve linker performance
SubpxEdge.lib(subpixel_corner.obj) : warning LNK4075: ignoring '/EDITANDCONTINUE' due to '/INCREMENTAL:NO' specification
     Creating library D:\Work\Git\JiaoShuiHJH\lib\CEPH.lib and object D:\Work\Git\JiaoShuiHJH\lib\CEPH.exp
LINK : warning LNK4098: defaultlib 'MSVCRTD' conflicts with use of other libs; use /NODEFAULTLIB:library
  Generating code
  Finished generating code
SubpxEdge.lib(subpixel_corner.obj) : warning LNK4099: PDB '' was not found with 'SubpxEdge.lib(subpixel_corner.obj)' or at ''; linking object as if no debug info
  JiaoShuiEllipseFitDLL.vcxproj -> D:\Work\Git\JiaoShuiHJH\Bin64\CEPH.dll
